[2026-04-30 03:00] 1 repos actualizados:
- 00.-csilvasantin.github.io: modificados: assets/actualizacion.log
[2026-04-30 03:00] Fin de actualización
---
[2026-04-30 04:00] Inicio de actualización
  ✓ 00.-csilvasantin.github.io — commit + push
[2026-04-30 04:00] 1 repos actualizados:
- 00.-csilvasantin.github.io: modificados: assets/actualizacion.log
[2026-04-30 04:00] Fin de actualización
---
[2026-04-30 06:00] Inicio de actualización
  ✓ 00.-csilvasantin.github.io — commit + push
[2026-04-30 06:00] 1 repos actualizados:
- 00.-csilvasantin.github.io: modificados: assets/actualizacion.log
[2026-04-30 06:00] Fin de actualización
---
[2026-04-30 07:00] Inicio de actualización
  ✓ 00.-csilvasantin.github.io — commit + push
[2026-04-30 07:00] 1 repos actualizados:
- 00.-csilvasantin.github.io: modificados: assets/actualizacion.log
[2026-04-30 07:00] Fin de actualización
---
[2026-04-30 08:00] Inicio de actualización
  ✓ 00.-csilvasantin.github.io — commit + push
  ✓ ConsejoAdmiraNextGame — commit + push
[2026-04-30 08:00] 2 repos actualizados:
- 00.-csilvasantin.github.io: modificados: assets/actualizacion.log
- ConsejoAdmiraNextGame: modificados: council-api.py
council-scumm.html
public/council-scumm.html
tools/yarig-tasks-sync.mjs
[2026-04-30 08:00] Fin de actualización
---
[2026-04-30 09:00] Inicio de actualización
  ✓ 00.-csilvasantin.github.io — commit + push
  ✓ 01.-AdmiraXperience-Game — commit + push
[2026-04-30 09:00] 2 repos actualizados:
- 00.-csilvasantin.github.io: modificados: assets/actualizacion.log
- 01.-AdmiraXperience-Game: modificados: workers/admira-telegram-bridge/src/index.js
[2026-04-30 09:00] Fin de actualización
---
[2026-04-30 10:00] Inicio de actualización
  ✓ 00.-csilvasantin.github.io — commit + push
[2026-04-30 10:00] 1 repos actualizados:
- 00.-csilvasantin.github.io: modificados: assets/actualizacion.log
[2026-04-30 10:00] Fin de actualización
---
[2026-04-30 11:00] Inicio de actualización
  ✓ 00.-csilvasantin.github.io — commit + push
[2026-04-30 11:00] 1 repos actualizados:
- 00.-csilvasantin.github.io: modificados: assets/actualizacion.log
[2026-04-30 11:00] Fin de actualización
---
[2026-04-30 12:00] Inicio de actualización
  ✓ 00.-csilvasantin.github.io — commit + push
[2026-04-30 12:00] 1 repos actualizados:
- 00.-csilvasantin.github.io: modificados: assets/actualizacion.log
[2026-04-30 12:00] Fin de actualización
---
[2026-04-30 13:00] Inicio de actualización
  ✓ 00.-csilvasantin.github.io — commit + push
[2026-04-30 13:00] 1 repos actualizados:
- 00.-csilvasantin.github.io: modificados: assets/actualizacion.log
[2026-04-30 13:00] Fin de actualización
---
[2026-04-30 14:00] Inicio de actualización
  ✓ 00.-csilvasantin.github.io — commit + push
[2026-04-30 14:00] 1 repos actualizados:
- 00.-csilvasantin.github.io: modificados: assets/actualizacion.log
[2026-04-30 14:00] Fin de actualización
---
[2026-04-30 15:00] Inicio de actualización
  ✓ 00.-csilvasantin.github.io — commit + push
[2026-04-30 15:00] 1 repos actualizados:
- 00.-csilvasantin.github.io: modificados: assets/actualizacion.log
[2026-04-30 15:00] Fin de actualización
---
[2026-04-30 16:00] Inicio de actualización
  ✓ 00.-csilvasantin.github.io — commit + push
[2026-04-30 16:00] 1 repos actualizados:
- 00.-csilvasantin.github.io: modificados: assets/actualizacion.log
[2026-04-30 16:00] Fin de actualización
---
[2026-04-30 17:00] Inicio de actualización
  ✓ 00.-csilvasantin.github.io — commit + push
[2026-04-30 17:00] 1 repos actualizados:
- 00.-csilvasantin.github.io: modificados: assets/actualizacion.log
[2026-04-30 17:00] Fin de actualización
---
[2026-04-30 18:00] Inicio de actualización
  ✓ 00.-csilvasantin.github.io — commit + push
[2026-04-30 18:00] 1 repos actualizados:
- 00.-csilvasantin.github.io: modificados: assets/actualizacion.log
[2026-04-30 18:00] Fin de actualización
---
[2026-04-30 19:00] Inicio de actualización
  ✓ 00.-csilvasantin.github.io — commit + push
[2026-04-30 19:00] 1 repos actualizados:
- 00.-csilvasantin.github.io: modificados: assets/actualizacion.log
[2026-04-30 19:00] Fin de actualización
---
[2026-04-30 20:00] Inicio de actualización
  ✓ 00.-csilvasantin.github.io — commit + push
[2026-04-30 20:00] 1 repos actualizados:
- 00.-csilvasantin.github.io: modificados: assets/actualizacion.log
[2026-04-30 20:00] Fin de actualización
---
[2026-04-30 21:00] Inicio de actualización
  ✓ 00.-csilvasantin.github.io — commit + push
[2026-04-30 21:00] 1 repos actualizados:
- 00.-csilvasantin.github.io: modificados: assets/actualizacion.log
[2026-04-30 21:00] Fin de actualización
---
[2026-04-30 22:00] Inicio de actualización
  ✓ 00.-csilvasantin.github.io — commit + push
[2026-04-30 22:00] 1 repos actualizados:
- 00.-csilvasantin.github.io: modificados: assets/actualizacion.log
[2026-04-30 22:00] Fin de actualización
---
[2026-04-30 23:00] Inicio de actualización
  ✓ 00.-csilvasantin.github.io — commit + push
[2026-04-30 23:00] 1 repos actualizados:
- 00.-csilvasantin.github.io: modificados: assets/actualizacion.log
[2026-04-30 23:00] Fin de actualización
---
[2026-05-01 00:00] Inicio de actualización
  ✓ 00.-csilvasantin.github.io — commit + push
[2026-05-01 00:00] 1 repos actualizados:
- 00.-csilvasantin.github.io: modificados: assets/actualizacion.log
[2026-05-01 00:00] Fin de actualización
---
[2026-05-01 01:00] Inicio de actualización
  ✓ 00.-csilvasantin.github.io — commit + push
[2026-05-01 01:00] 1 repos actualizados:
- 00.-csilvasantin.github.io: modificados: assets/actualizacion.log
[2026-05-01 01:00] Fin de actualización
---
[2026-05-01 02:00] Inicio de actualización
  ✓ 00.-csilvasantin.github.io — commit + push
[2026-05-01 02:00] 1 repos actualizados:
- 00.-csilvasantin.github.io: modificados: assets/actualizacion.log
[2026-05-01 02:00] Fin de actualización
---
[2026-05-01 03:00] Inicio de actualización
  ✓ 00.-csilvasantin.github.io — commit + push
[2026-05-01 03:00] 1 repos actualizados:
- 00.-csilvasantin.github.io: modificados: assets/actualizacion.log
[2026-05-01 03:00] Fin de actualización
---
[2026-05-01 04:00] Inicio de actualización
  ✓ 00.-csilvasantin.github.io — commit + push
[2026-05-01 04:00] 1 repos actualizados:
- 00.-csilvasantin.github.io: modificados: assets/actualizacion.log
[2026-05-01 04:00] Fin de actualización
---
[2026-05-01 05:00] Inicio de actualización
  ✓ 00.-csilvasantin.github.io — commit + push
[2026-05-01 05:00] 1 repos actualizados:
- 00.-csilvasantin.github.io: modificados: assets/actualizacion.log
[2026-05-01 05:00] Fin de actualización
---
[2026-05-01 06:00] Inicio de actualización
  ✓ 00.-csilvasantin.github.io — commit + push
[2026-05-01 06:00] 1 repos actualizados:
- 00.-csilvasantin.github.io: modificados: assets/actualizacion.log
[2026-05-01 06:00] Fin de actualización
---
[2026-05-01 07:00] Inicio de actualización
  ✓ 00.-csilvasantin.github.io — commit + push
[2026-05-01 07:00] 1 repos actualizados:
- 00.-csilvasantin.github.io: modificados: assets/actualizacion.log
[2026-05-01 07:00] Fin de actualización
---
[2026-05-01 08:00] Inicio de actualización
  ✓ 00.-csilvasantin.github.io — commit + push
[2026-05-01 08:00] 1 repos actualizados:
- 00.-csilvasantin.github.io: modificados: assets/actualizacion.log
[2026-05-01 08:00] Fin de actualización
---
[2026-05-01 09:00] Inicio de actualización
  ✓ 00.-csilvasantin.github.io — commit + push
[2026-05-01 09:00] 1 repos actualizados:
- 00.-csilvasantin.github.io: modificados: assets/actualizacion.log
[2026-05-01 09:00] Fin de actualización
---
[2026-05-01 10:00] Inicio de actualización
  ✓ 00.-csilvasantin.github.io — commit + push
[2026-05-01 10:00] 1 repos actualizados:
- 00.-csilvasantin.github.io: modificados: assets/actualizacion.log
[2026-05-01 10:00] Fin de actualización
---
[2026-05-01 11:00] Inicio de actualización
  ✓ 00.-csilvasantin.github.io — commit + push
[2026-05-01 11:00] 1 repos actualizados:
- 00.-csilvasantin.github.io: modificados: assets/actualizacion.log
[2026-05-01 11:00] Fin de actualización
---
[2026-05-01 12:00] Inicio de actualización
  ✓ 00.-csilvasantin.github.io — commit + push
[2026-05-01 12:00] 1 repos actualizados:
- 00.-csilvasantin.github.io: modificados: assets/actualizacion.log
[2026-05-01 12:00] Fin de actualización
---
[2026-05-01 13:00] Inicio de actualización
  ✓ 00.-csilvasantin.github.io — commit + push
[2026-05-01 13:00] 1 repos actualizados:
- 00.-csilvasantin.github.io: modificados: assets/actualizacion.log
[2026-05-01 13:00] Fin de actualización
---
[2026-05-01 14:00] Inicio de actualización
  ✓ 00.-csilvasantin.github.io — commit + push
[2026-05-01 14:00] 1 repos actualizados:
- 00.-csilvasantin.github.io: modificados: assets/actualizacion.log
[2026-05-01 14:00] Fin de actualización
---
[2026-05-01 15:00] Inicio de actualización
  ✓ 00.-csilvasantin.github.io — commit + push
[2026-05-01 15:00] 1 repos actualizados:
- 00.-csilvasantin.github.io: modificados: assets/actualizacion.log
[2026-05-01 15:00] Fin de actualización
---
[2026-05-01 16:00] Inicio de actualización
  ✓ 00.-csilvasantin.github.io — commit + push
[2026-05-01 16:00] 1 repos actualizados:
- 00.-csilvasantin.github.io: modificados: assets/actualizacion.log
[2026-05-01 16:00] Fin de actualización
---
[2026-05-01 17:00] Inicio de actualización
  ✓ 00.-csilvasantin.github.io — commit + push
[2026-05-01 17:00] 1 repos actualizados:
- 00.-csilvasantin.github.io: modificados: assets/actualizacion.log
[2026-05-01 17:00] Fin de actualización
---
[2026-05-01 18:00] Inicio de actualización
  ✓ 00.-csilvasantin.github.io — commit + push
[2026-05-01 18:00] 1 repos actualizados:
- 00.-csilvasantin.github.io: modificados: assets/actualizacion.log
[2026-05-01 18:00] Fin de actualización
---
[2026-05-01 19:00] Inicio de actualización
  ✓ 00.-csilvasantin.github.io — commit + push
[2026-05-01 19:00] 1 repos actualizados:
- 00.-csilvasantin.github.io: modificados: assets/actualizacion.log
[2026-05-01 19:00] Fin de actualización
---
[2026-05-01 20:00] Inicio de actualización
  ✓ 00.-csilvasantin.github.io — commit + push
[2026-05-01 20:00] 1 repos actualizados:
- 00.-csilvasantin.github.io: modificados: assets/actualizacion.log
[2026-05-01 20:00] Fin de actualización
---
[2026-05-01 21:00] Inicio de actualización
  ✓ 00.-csilvasantin.github.io — commit + push
[2026-05-01 21:00] 1 repos actualizados:
- 00.-csilvasantin.github.io: modificados: assets/actualizacion.log
[2026-05-01 21:00] Fin de actualización
---
[2026-05-01 22:00] Inicio de actualización
  ✓ 00.-csilvasantin.github.io — commit + push
[2026-05-01 22:00] 1 repos actualizados:
- 00.-csilvasantin.github.io: modificados: assets/actualizacion.log
[2026-05-01 22:00] Fin de actualización
---
[2026-05-01 23:00] Inicio de actualización
  ✓ 00.-csilvasantin.github.io — commit + push
[2026-05-01 23:00] 1 repos actualizados:
- 00.-csilvasantin.github.io: modificados: assets/actualizacion.log
[2026-05-01 23:00] Fin de actualización
---
[2026-05-02 00:00] Inicio de actualización
  ✓ 00.-csilvasantin.github.io — commit + push
[2026-05-02 00:00] 1 repos actualizados:
- 00.-csilvasantin.github.io: modificados: assets/actualizacion.log
[2026-05-02 00:00] Fin de actualización
---
[2026-05-02 01:00] Inicio de actualización
  ✓ 00.-csilvasantin.github.io — commit + push
[2026-05-02 01:00] 1 repos actualizados:
- 00.-csilvasantin.github.io: modificados: assets/actualizacion.log
[2026-05-02 01:00] Fin de actualización
---
[2026-05-02 02:00] Inicio de actualización
  ✓ 00.-csilvasantin.github.io — commit + push
[2026-05-02 02:00] 1 repos actualizados:
- 00.-csilvasantin.github.io: modificados: assets/actualizacion.log
[2026-05-02 02:00] Fin de actualización
---
[2026-05-02 03:00] Inicio de actualización
  ✓ 00.-csilvasantin.github.io — commit + push
[2026-05-02 03:00] 1 repos actualizados:
- 00.-csilvasantin.github.io: modificados: assets/actualizacion.log
[2026-05-02 03:00] Fin de actualización
---
[2026-05-02 04:00] Inicio de actualización
  ✓ 00.-csilvasantin.github.io — commit + push
[2026-05-02 04:00] 1 repos actualizados:
- 00.-csilvasantin.github.io: modificados: assets/actualizacion.log
[2026-05-02 04:00] Fin de actualización
---
[2026-05-02 05:00] Inicio de actualización
  ✓ 00.-csilvasantin.github.io — commit + push
[2026-05-02 05:00] 1 repos actualizados:
- 00.-csilvasantin.github.io: modificados: assets/actualizacion.log
[2026-05-02 05:00] Fin de actualización
---
[2026-05-02 06:00] Inicio de actualización
  ✓ 00.-csilvasantin.github.io — commit + push
[2026-05-02 06:00] 1 repos actualizados:
- 00.-csilvasantin.github.io: modificados: assets/actualizacion.log
[2026-05-02 06:00] Fin de actualización
---
[2026-05-02 07:00] Inicio de actualización
  ✓ 00.-csilvasantin.github.io — commit + push
[2026-05-02 07:00] 1 repos actualizados:
- 00.-csilvasantin.github.io: modificados: assets/actualizacion.log
[2026-05-02 07:00] Fin de actualización
---
[2026-05-02 08:00] Inicio de actualización
  ✓ 00.-csilvasantin.github.io — commit + push
[2026-05-02 08:00] 1 repos actualizados:
- 00.-csilvasantin.github.io: modificados: assets/actualizacion.log
[2026-05-02 08:00] Fin de actualización
---
[2026-05-02 09:00] Inicio de actualización
  ✓ 00.-csilvasantin.github.io — commit + push
[2026-05-02 09:00] 1 repos actualizados:
- 00.-csilvasantin.github.io: modificados: assets/actualizacion.log
[2026-05-02 09:00] Fin de actualización
---
[2026-05-02 10:00] Inicio de actualización
  ✓ 00.-csilvasantin.github.io — commit + push
[2026-05-02 10:00] 1 repos actualizados:
- 00.-csilvasantin.github.io: modificados: assets/actualizacion.log
[2026-05-02 10:00] Fin de actualización
---
[2026-05-02 11:00] Inicio de actualización
  ✓ 00.-csilvasantin.github.io — commit + push
[2026-05-02 11:00] 1 repos actualizados:
- 00.-csilvasantin.github.io: modificados: assets/actualizacion.log
[2026-05-02 11:00] Fin de actualización
---
[2026-05-02 12:00] Inicio de actualización
  ✓ 00.-csilvasantin.github.io — commit + push
[2026-05-02 12:00] 1 repos actualizados:
- 00.-csilvasantin.github.io: modificados: assets/actualizacion.log
[2026-05-02 12:00] Fin de actualización
---
[2026-05-02 13:00] Inicio de actualización
  ✓ 00.-csilvasantin.github.io — commit + push
[2026-05-02 13:00] 1 repos actualizados:
- 00.-csilvasantin.github.io: modificados: assets/actualizacion.log
[2026-05-02 13:00] Fin de actualización
---
[2026-05-02 14:00] Inicio de actualización
  ✓ 00.-csilvasantin.github.io — commit + push
[2026-05-02 14:00] 1 repos actualizados:
- 00.-csilvasantin.github.io: modificados: assets/actualizacion.log
[2026-05-02 14:00] Fin de actualización
---
[2026-05-02 15:00] Inicio de actualización
  ✓ 00.-csilvasantin.github.io — commit + push
[2026-05-02 15:00] 1 repos actualizados:
- 00.-csilvasantin.github.io: modificados: assets/actualizacion.log
[2026-05-02 15:00] Fin de actualización
---
[2026-05-02 16:00] Inicio de actualización
  ✓ 00.-csilvasantin.github.io — commit + push
[2026-05-02 16:00] 1 repos actualizados:
- 00.-csilvasantin.github.io: modificados: assets/actualizacion.log
[2026-05-02 16:00] Fin de actualización
---
[2026-05-02 17:00] Inicio de actualización
  ✓ 00.-csilvasantin.github.io — commit + push
[2026-05-02 17:00] 1 repos actualizados:
- 00.-csilvasantin.github.io: modificados: assets/actualizacion.log
[2026-05-02 17:00] Fin de actualización
---
[2026-05-02 18:00] Inicio de actualización
  ✓ 00.-csilvasantin.github.io — commit + push
[2026-05-02 18:00] 1 repos actualizados:
- 00.-csilvasantin.github.io: modificados: assets/actualizacion.log
[2026-05-02 18:00] Fin de actualización
---
[2026-05-02 19:00] Inicio de actualización
  ✓ 00.-csilvasantin.github.io — commit + push
[2026-05-02 19:00] 1 repos actualizados:
- 00.-csilvasantin.github.io: modificados: assets/actualizacion.log
[2026-05-02 19:00] Fin de actualización
---
[2026-05-02 20:00] Inicio de actualización
  ✓ 00.-csilvasantin.github.io — commit + push
[2026-05-02 20:00] 1 repos actualizados:
- 00.-csilvasantin.github.io: modificados: assets/actualizacion.log
[2026-05-02 20:00] Fin de actualización
---
[2026-05-02 21:00] Inicio de actualización
  ✓ 00.-csilvasantin.github.io — commit + push
[2026-05-02 21:00] 1 repos actualizados:
- 00.-csilvasantin.github.io: modificados: assets/actualizacion.log
[2026-05-02 21:00] Fin de actualización
---
[2026-05-02 22:00] Inicio de actualización
  ✓ 00.-csilvasantin.github.io — commit + push
[2026-05-02 22:00] 1 repos actualizados:
- 00.-csilvasantin.github.io: modificados: assets/actualizacion.log
[2026-05-02 22:00] Fin de actualización
---
[2026-05-02 23:00] Inicio de actualización
  ✓ 00.-csilvasantin.github.io — commit + push
[2026-05-02 23:00] 1 repos actualizados:
- 00.-csilvasantin.github.io: modificados: assets/actualizacion.log
[2026-05-02 23:00] Fin de actualización
---
[2026-05-03 00:00] Inicio de actualización
  ✓ 00.-csilvasantin.github.io — commit + push
[2026-05-03 00:00] 1 repos actualizados:
- 00.-csilvasantin.github.io: modificados: assets/actualizacion.log
[2026-05-03 00:00] Fin de actualización
---
[2026-05-03 01:00] Inicio de actualización
  ✓ 00.-csilvasantin.github.io — commit + push
[2026-05-03 01:00] 1 repos actualizados:
- 00.-csilvasantin.github.io: modificados: assets/actualizacion.log
[2026-05-03 01:00] Fin de actualización
---
[2026-05-03 02:00] Inicio de actualización
  ✓ 00.-csilvasantin.github.io — commit + push
[2026-05-03 02:00] 1 repos actualizados:
- 00.-csilvasantin.github.io: modificados: assets/actualizacion.log
[2026-05-03 02:00] Fin de actualización
---
[2026-05-03 03:00] Inicio de actualización
  ✓ 00.-csilvasantin.github.io — commit + push
[2026-05-03 03:00] 1 repos actualizados:
- 00.-csilvasantin.github.io: modificados: assets/actualizacion.log
[2026-05-03 03:00] Fin de actualización
---
[2026-05-03 04:00] Inicio de actualización
  ✓ 00.-csilvasantin.github.io — commit + push
[2026-05-03 04:00] 1 repos actualizados:
- 00.-csilvasantin.github.io: modificados: assets/actualizacion.log
[2026-05-03 04:00] Fin de actualización
---
[2026-05-03 05:00] Inicio de actualización
  ✓ 00.-csilvasantin.github.io — commit + push
[2026-05-03 05:00] 1 repos actualizados:
- 00.-csilvasantin.github.io: modificados: assets/actualizacion.log
[2026-05-03 05:00] Fin de actualización
---
[2026-05-03 06:00] Inicio de actualización
  ✓ 00.-csilvasantin.github.io — commit + push
[2026-05-03 06:00] 1 repos actualizados:
- 00.-csilvasantin.github.io: modificados: assets/actualizacion.log
[2026-05-03 06:00] Fin de actualización
---
[2026-05-03 07:00] Inicio de actualización
  ✓ 00.-csilvasantin.github.io — commit + push
[2026-05-03 07:00] 1 repos actualizados:
- 00.-csilvasantin.github.io: modificados: assets/actualizacion.log
[2026-05-03 07:00] Fin de actualización
---
[2026-05-03 08:00] Inicio de actualización
  ✓ 00.-csilvasantin.github.io — commit + push
[2026-05-03 08:00] 1 repos actualizados:
- 00.-csilvasantin.github.io: modificados: assets/actualizacion.log
[2026-05-03 08:00] Fin de actualización
---
[2026-05-03 09:00] Inicio de actualización
  ✓ 00.-csilvasantin.github.io — commit + push
[2026-05-03 09:00] 1 repos actualizados:
- 00.-csilvasantin.github.io: modificados: assets/actualizacion.log
[2026-05-03 09:00] Fin de actualización
---
[2026-05-03 10:00] Inicio de actualización
  ✓ 00.-csilvasantin.github.io — commit + push
[2026-05-03 10:00] 1 repos actualizados:
- 00.-csilvasantin.github.io: modificados: assets/actualizacion.log
[2026-05-03 10:00] Fin de actualización
---
[2026-05-03 11:00] Inicio de actualización
  ✓ 00.-csilvasantin.github.io — commit + push
[2026-05-03 11:00] 1 repos actualizados:
- 00.-csilvasantin.github.io: modificados: assets/actualizacion.log
[2026-05-03 11:00] Fin de actualización
---
[2026-05-03 12:00] Inicio de actualización
  ✓ 00.-csilvasantin.github.io — commit + push
  ✓ ConsejoAdmiraNextGame — commit + push
[2026-05-03 12:00] 2 repos actualizados:
- 00.-csilvasantin.github.io: modificados: assets/actualizacion.log
- ConsejoAdmiraNextGame: modificados: yar_context.json
yar_context.json.bak
[2026-05-03 12:00] Fin de actualización
---
[2026-05-03 13:00] Inicio de actualización
  ✓ 00.-csilvasantin.github.io — commit + push
[2026-05-03 13:00] 1 repos actualizados:
- 00.-csilvasantin.github.io: modificados: assets/actualizacion.log
[2026-05-03 13:00] Fin de actualización
---
